// Jest Snapshot v1, https://goo.gl/fbAQLP

exports[`editorEvalFn renders correctly 1`] = `
<div>
  dupa
</div>
`;
